azurerm_application_gateway.main: Modifying... [id=/subscriptions/424d0f78-5980-4d31-98ec-624616db8e74/resourceGroups/rg-clientm-lab-d5/providers/Microsoft.Network/applicationGateways/appgw-clientm-lab-d5]
azurerm_application_gateway.main: Still modifying... [id=/subscriptions/424d0f78-5980-4d31-98ec-...plicationGateways/appgw-clientm-lab-d5, 00m10s elapsed]
azurerm_application_gateway.main: Still modifying... [id=/subscriptions/424d0f78-5980-4d31-98ec-...plicationGateways/appgw-clientm-lab-d5, 00m20s elapsed]
azurerm_application_gateway.main: Still modifying... [id=/subscriptions/424d0f78-5980-4d31-98ec-...plicationGateways/appgw-clientm-lab-d5, 00m30s elapsed]
azurerm_application_gateway.main: Still modifying... [id=/subscriptions/424d0f78-5980-4d31-98ec-...plicationGateways/appgw-clientm-lab-d5, 00m40s elapsed]
azurerm_application_gateway.main: Still modifying... [id=/subscriptions/424d0f78-5980-4d31-98ec-...plicationGateways/appgw-clientm-lab-d5, 00m50s elapsed]
azurerm_application_gateway.main: Still modifying... [id=/subscriptions/424d0f78-5980-4d31-98ec-...plicationGateways/appgw-clientm-lab-d5, 01m00s elapsed]
azurerm_application_gateway.main: Still modifying... [id=/subscriptions/424d0f78-5980-4d31-98ec-...plicationGateways/appgw-clientm-lab-d5, 01m10s elapsed]
azurerm_application_gateway.main: Still modifying... [id=/subscriptions/424d0f78-5980-4d31-98ec-...plicationGateways/appgw-clientm-lab-d5, 01m20s elapsed]
azurerm_application_gateway.main: Still modifying... [id=/subscriptions/424d0f78-5980-4d31-98ec-...plicationGateways/appgw-clientm-lab-d5, 01m30s elapsed]
azurerm_application_gateway.main: Still modifying... [id=/subscriptions/424d0f78-5980-4d31-98ec-...plicationGateways/appgw-clientm-lab-d5, 01m40s elapsed]
azurerm_application_gateway.main: Still modifying... [id=/subscriptions/424d0f78-5980-4d31-98ec-...plicationGateways/appgw-clientm-lab-d5, 01m50s elapsed]
azurerm_application_gateway.main: Still modifying... [id=/subscriptions/424d0f78-5980-4d31-98ec-...plicationGateways/appgw-clientm-lab-d5, 02m00s elapsed]
azurerm_application_gateway.main: Still modifying... [id=/subscriptions/424d0f78-5980-4d31-98ec-...plicationGateways/appgw-clientm-lab-d5, 02m10s elapsed]
azurerm_application_gateway.main: Still modifying... [id=/subscriptions/424d0f78-5980-4d31-98ec-...plicationGateways/appgw-clientm-lab-d5, 02m20s elapsed]
azurerm_application_gateway.main: Still modifying... [id=/subscriptions/424d0f78-5980-4d31-98ec-...plicationGateways/appgw-clientm-lab-d5, 02m30s elapsed]
azurerm_application_gateway.main: Still modifying... [id=/subscriptions/424d0f78-5980-4d31-98ec-...plicationGateways/appgw-clientm-lab-d5, 02m40s elapsed]
azurerm_application_gateway.main: Still modifying... [id=/subscriptions/424d0f78-5980-4d31-98ec-...plicationGateways/appgw-clientm-lab-d5, 02m50s elapsed]
azurerm_application_gateway.main: Still modifying... [id=/subscriptions/424d0f78-5980-4d31-98ec-...plicationGateways/appgw-clientm-lab-d5, 03m00s elapsed]
azurerm_application_gateway.main: Still modifying... [id=/subscriptions/424d0f78-5980-4d31-98ec-...plicationGateways/appgw-clientm-lab-d5, 03m10s elapsed]
azurerm_application_gateway.main: Still modifying... [id=/subscriptions/424d0f78-5980-4d31-98ec-...plicationGateways/appgw-clientm-lab-d5, 03m20s elapsed]
azurerm_application_gateway.main: Still modifying... [id=/subscriptions/424d0f78-5980-4d31-98ec-...plicationGateways/appgw-clientm-lab-d5, 03m30s elapsed]
azurerm_application_gateway.main: Still modifying... [id=/subscriptions/424d0f78-5980-4d31-98ec-...plicationGateways/appgw-clientm-lab-d5, 03m40s elapsed]
azurerm_application_gateway.main: Still modifying... [id=/subscriptions/424d0f78-5980-4d31-98ec-...plicationGateways/appgw-clientm-lab-d5, 03m50s elapsed]
azurerm_application_gateway.main: Still modifying... [id=/subscriptions/424d0f78-5980-4d31-98ec-...plicationGateways/appgw-clientm-lab-d5, 04m00s elapsed]
azurerm_application_gateway.main: Still modifying... [id=/subscriptions/424d0f78-5980-4d31-98ec-...plicationGateways/appgw-clientm-lab-d5, 04m10s elapsed]
azurerm_application_gateway.main: Still modifying... [id=/subscriptions/424d0f78-5980-4d31-98ec-...plicationGateways/appgw-clientm-lab-d5, 04m20s elapsed]
azurerm_application_gateway.main: Still modifying... [id=/subscriptions/424d0f78-5980-4d31-98ec-...plicationGateways/appgw-clientm-lab-d5, 04m30s elapsed]
azurerm_application_gateway.main: Still modifying... [id=/subscriptions/424d0f78-5980-4d31-98ec-...plicationGateways/appgw-clientm-lab-d5, 04m40s elapsed]
azurerm_application_gateway.main: Still modifying... [id=/subscriptions/424d0f78-5980-4d31-98ec-...plicationGateways/appgw-clientm-lab-d5, 04m50s elapsed]
azurerm_application_gateway.main: Still modifying... [id=/subscriptions/424d0f78-5980-4d31-98ec-...plicationGateways/appgw-clientm-lab-d5, 05m00s elapsed]
azurerm_application_gateway.main: Still modifying... [id=/subscriptions/424d0f78-5980-4d31-98ec-...plicationGateways/appgw-clientm-lab-d5, 05m10s elapsed]
azurerm_application_gateway.main: Still modifying... [id=/subscriptions/424d0f78-5980-4d31-98ec-...plicationGateways/appgw-clientm-lab-d5, 05m20s elapsed]
azurerm_application_gateway.main: Still modifying... [id=/subscriptions/424d0f78-5980-4d31-98ec-...plicationGateways/appgw-clientm-lab-d5, 05m30s elapsed]
azurerm_application_gateway.main: Still modifying... [id=/subscriptions/424d0f78-5980-4d31-98ec-...plicationGateways/appgw-clientm-lab-d5, 05m40s elapsed]
azurerm_application_gateway.main: Still modifying... [id=/subscriptions/424d0f78-5980-4d31-98ec-...plicationGateways/appgw-clientm-lab-d5, 05m50s elapsed]
azurerm_application_gateway.main: Still modifying... [id=/subscriptions/424d0f78-5980-4d31-98ec-...plicationGateways/appgw-clientm-lab-d5, 06m00s elapsed]
azurerm_application_gateway.main: Still modifying... [id=/subscriptions/424d0f78-5980-4d31-98ec-...plicationGateways/appgw-clientm-lab-d5, 06m10s elapsed]
azurerm_application_gateway.main: Still modifying... [id=/subscriptions/424d0f78-5980-4d31-98ec-...plicationGateways/appgw-clientm-lab-d5, 06m20s elapsed]
azurerm_application_gateway.main: Still modifying... [id=/subscriptions/424d0f78-5980-4d31-98ec-...plicationGateways/appgw-clientm-lab-d5, 06m30s elapsed]
azurerm_application_gateway.main: Still modifying... [id=/subscriptions/424d0f78-5980-4d31-98ec-...plicationGateways/appgw-clientm-lab-d5, 06m40s elapsed]
azurerm_application_gateway.main: Still modifying... [id=/subscriptions/424d0f78-5980-4d31-98ec-...plicationGateways/appgw-clientm-lab-d5, 06m50s elapsed]
azurerm_application_gateway.main: Still modifying... [id=/subscriptions/424d0f78-5980-4d31-98ec-...plicationGateways/appgw-clientm-lab-d5, 07m00s elapsed]
azurerm_application_gateway.main: Still modifying... [id=/subscriptions/424d0f78-5980-4d31-98ec-...plicationGateways/appgw-clientm-lab-d5, 07m10s elapsed]
azurerm_application_gateway.main: Still modifying... [id=/subscriptions/424d0f78-5980-4d31-98ec-...plicationGateways/appgw-clientm-lab-d5, 07m20s elapsed]
azurerm_application_gateway.main: Still modifying... [id=/subscriptions/424d0f78-5980-4d31-98ec-...plicationGateways/appgw-clientm-lab-d5, 07m30s elapsed]
azurerm_application_gateway.main: Still modifying... [id=/subscriptions/424d0f78-5980-4d31-98ec-...plicationGateways/appgw-clientm-lab-d5, 07m40s elapsed]
azurerm_application_gateway.main: Still modifying... [id=/subscriptions/424d0f78-5980-4d31-98ec-...plicationGateways/appgw-clientm-lab-d5, 07m50s elapsed]
azurerm_application_gateway.main: Still modifying... [id=/subscriptions/424d0f78-5980-4d31-98ec-...plicationGateways/appgw-clientm-lab-d5, 08m00s elapsed]
azurerm_application_gateway.main: Still modifying... [id=/subscriptions/424d0f78-5980-4d31-98ec-...plicationGateways/appgw-clientm-lab-d5, 08m10s elapsed]
azurerm_application_gateway.main: Still modifying... [id=/subscriptions/424d0f78-5980-4d31-98ec-...plicationGateways/appgw-clientm-lab-d5, 08m20s elapsed]
azurerm_application_gateway.main: Still modifying... [id=/subscriptions/424d0f78-5980-4d31-98ec-...plicationGateways/appgw-clientm-lab-d5, 08m30s elapsed]
azurerm_application_gateway.main: Still modifying... [id=/subscriptions/424d0f78-5980-4d31-98ec-...plicationGateways/appgw-clientm-lab-d5, 08m40s elapsed]
azurerm_application_gateway.main: Still modifying... [id=/subscriptions/424d0f78-5980-4d31-98ec-...plicationGateways/appgw-clientm-lab-d5, 08m50s elapsed]
azurerm_application_gateway.main: Still modifying... [id=/subscriptions/424d0f78-5980-4d31-98ec-...plicationGateways/appgw-clientm-lab-d5, 09m00s elapsed]
azurerm_application_gateway.main: Still modifying... [id=/subscriptions/424d0f78-5980-4d31-98ec-...plicationGateways/appgw-clientm-lab-d5, 09m10s elapsed]
azurerm_application_gateway.main: Still modifying... [id=/subscriptions/424d0f78-5980-4d31-98ec-...plicationGateways/appgw-clientm-lab-d5, 09m20s elapsed]
azurerm_application_gateway.main: Still modifying... [id=/subscriptions/424d0f78-5980-4d31-98ec-...plicationGateways/appgw-clientm-lab-d5, 09m30s elapsed]
azurerm_application_gateway.main: Still modifying... [id=/subscriptions/424d0f78-5980-4d31-98ec-...plicationGateways/appgw-clientm-lab-d5, 09m40s elapsed]
azurerm_application_gateway.main: Still modifying... [id=/subscriptions/424d0f78-5980-4d31-98ec-...plicationGateways/appgw-clientm-lab-d5, 09m50s elapsed]
azurerm_application_gateway.main: Still modifying... [id=/subscriptions/424d0f78-5980-4d31-98ec-...plicationGateways/appgw-clientm-lab-d5, 10m00s elapsed]
azurerm_application_gateway.main: Still modifying... [id=/subscriptions/424d0f78-5980-4d31-98ec-...plicationGateways/appgw-clientm-lab-d5, 10m10s elapsed]
azurerm_application_gateway.main: Still modifying... [id=/subscriptions/424d0f78-5980-4d31-98ec-...plicationGateways/appgw-clientm-lab-d5, 10m20s elapsed]
azurerm_application_gateway.main: Still modifying... [id=/subscriptions/424d0f78-5980-4d31-98ec-...plicationGateways/appgw-clientm-lab-d5, 10m30s elapsed]
azurerm_application_gateway.main: Still modifying... [id=/subscriptions/424d0f78-5980-4d31-98ec-...plicationGateways/appgw-clientm-lab-d5, 10m40s elapsed]
azurerm_application_gateway.main: Still modifying... [id=/subscriptions/424d0f78-5980-4d31-98ec-...plicationGateways/appgw-clientm-lab-d5, 10m50s elapsed]
azurerm_application_gateway.main: Still modifying... [id=/subscriptions/424d0f78-5980-4d31-98ec-...plicationGateways/appgw-clientm-lab-d5, 11m00s elapsed]
azurerm_application_gateway.main: Still modifying... [id=/subscriptions/424d0f78-5980-4d31-98ec-...plicationGateways/appgw-clientm-lab-d5, 11m10s elapsed]
azurerm_application_gateway.main: Still modifying... [id=/subscriptions/424d0f78-5980-4d31-98ec-...plicationGateways/appgw-clientm-lab-d5, 11m20s elapsed]
azurerm_application_gateway.main: Still modifying... [id=/subscriptions/424d0f78-5980-4d31-98ec-...plicationGateways/appgw-clientm-lab-d5, 11m30s elapsed]
azurerm_application_gateway.main: Still modifying... [id=/subscriptions/424d0f78-5980-4d31-98ec-...plicationGateways/appgw-clientm-lab-d5, 11m40s elapsed]
azurerm_application_gateway.main: Still modifying... [id=/subscriptions/424d0f78-5980-4d31-98ec-...plicationGateways/appgw-clientm-lab-d5, 11m50s elapsed]
azurerm_application_gateway.main: Still modifying... [id=/subscriptions/424d0f78-5980-4d31-98ec-...plicationGateways/appgw-clientm-lab-d5, 12m00s elapsed]
azurerm_application_gateway.main: Still modifying... [id=/subscriptions/424d0f78-5980-4d31-98ec-...plicationGateways/appgw-clientm-lab-d5, 12m10s elapsed]
azurerm_application_gateway.main: Still modifying... [id=/subscriptions/424d0f78-5980-4d31-98ec-...plicationGateways/appgw-clientm-lab-d5, 12m20s elapsed]
azurerm_application_gateway.main: Still modifying... [id=/subscriptions/424d0f78-5980-4d31-98ec-...plicationGateways/appgw-clientm-lab-d5, 12m30s elapsed]
azurerm_application_gateway.main: Still modifying... [id=/subscriptions/424d0f78-5980-4d31-98ec-...plicationGateways/appgw-clientm-lab-d5, 12m40s elapsed]
azurerm_application_gateway.main: Still modifying... [id=/subscriptions/424d0f78-5980-4d31-98ec-...plicationGateways/appgw-clientm-lab-d5, 12m50s elapsed]
azurerm_application_gateway.main: Still modifying... [id=/subscriptions/424d0f78-5980-4d31-98ec-...plicationGateways/appgw-clientm-lab-d5, 13m00s elapsed]
azurerm_application_gateway.main: Still modifying... [id=/subscriptions/424d0f78-5980-4d31-98ec-...plicationGateways/appgw-clientm-lab-d5, 13m10s elapsed]
azurerm_application_gateway.main: Still modifying... [id=/subscriptions/424d0f78-5980-4d31-98ec-...plicationGateways/appgw-clientm-lab-d5, 13m20s elapsed]
azurerm_application_gateway.main: Still modifying... [id=/subscriptions/424d0f78-5980-4d31-98ec-...plicationGateways/appgw-clientm-lab-d5, 13m30s elapsed]
azurerm_application_gateway.main: Still modifying... [id=/subscriptions/424d0f78-5980-4d31-98ec-...plicationGateways/appgw-clientm-lab-d5, 13m40s elapsed]
azurerm_application_gateway.main: Still modifying... [id=/subscriptions/424d0f78-5980-4d31-98ec-...plicationGateways/appgw-clientm-lab-d5, 13m50s elapsed]
azurerm_application_gateway.main: Still modifying... [id=/subscriptions/424d0f78-5980-4d31-98ec-...plicationGateways/appgw-clientm-lab-d5, 14m00s elapsed]
azurerm_application_gateway.main: Still modifying... [id=/subscriptions/424d0f78-5980-4d31-98ec-...plicationGateways/appgw-clientm-lab-d5, 14m10s elapsed]
azurerm_application_gateway.main: Still modifying... [id=/subscriptions/424d0f78-5980-4d31-98ec-...plicationGateways/appgw-clientm-lab-d5, 14m20s elapsed]
azurerm_application_gateway.main: Still modifying... [id=/subscriptions/424d0f78-5980-4d31-98ec-...plicationGateways/appgw-clientm-lab-d5, 14m30s elapsed]
azurerm_application_gateway.main: Modifications complete after 14m40s [id=/subscriptions/424d0f78-5980-4d31-98ec-624616db8e74/resourceGroups/rg-clientm-lab-d5/providers/Microsoft.Network/applicationGateways/appgw-clientm-lab-d5]

Apply complete! Resources: 0 added, 1 changed, 0 destroyed.

Outputs:

appgw_private_ip = "10.0.1.10"
appgw_public_ip = "20.242.195.8"
firewall_private_ip = "10.0.5.4"
firewall_public_ip = "20.81.61.132"
natgw_public_ip = "20.124.99.66"
nva_dmz_ip = "10.0.3.10"
nva_public_ip = "20.55.26.168"
nva_trust_ip = "10.0.2.10"
test_client_public_ip = "40.76.114.213"
test_commands = <<EOT
TEST=40.76.114.213     # in-VNet test client (SSH here)
APPGW_PUB=20.242.195.8   # App GW PUBLIC frontend
APPGW_PRIV=10.0.1.10                 # App GW PRIVATE frontend (in-VNet only)
NVA=20.55.26.168
FW=20.81.61.132

# --- Inbound via PUBLIC frontend (from your laptop) ---
curl -kv --resolve connect.clientmworkspace.com:443:$APPGW_PUB \
  https://connect.clientmworkspace.com/healthz                # expect 200 OK

# --- Inbound via PRIVATE frontend (from INSIDE the VNet — the variant under test) ---
ssh azureuser@$TEST "curl -sk --resolve connect.clientmworkspace.com:443:10.0.1.10 \
  https://connect.clientmworkspace.com/healthz"               # expect 200 OK
ssh azureuser@$TEST "curl -sk --resolve connect.clientmworkspace.com:443:10.0.1.10 \
  https://connect.clientmworkspace.com/whoami"                # remote_addr = NVA DMZ 10.0.3.10

# --- Observe where the probe/backend traffic actually lands on the NVA ---
ssh azureuser@$NVA "sudo nva-trace"            # watch trust-NIC hits from the App GW

# --- Management SSH (still via the NVA) ---
ssh azureuser@$NVA
ssh -J azureuser@$NVA azureuser@10.0.3.100

# --- Egress (on the webserver, via jump) — Azure Firewall ---
curl -s https://api.ipify.org ; echo                          # expect == $FW (firewall SNAT)
curl -s http://azure.archive.ubuntu.com/ -o /dev/null -w '%{http_code}\n'   # expect 200 (allow-listed)
curl -s --max-time 10 https://example.com/ -o /dev/null -w '%{http_code}\n' # expect 000 (FQDN denied)

EOT
webserver_ip = "10.0.3.100"
EXIT=0
